// Jest Snapshot v1, https://goo.gl/fbAQLP

exports[`Packages Table Should match snapshot 1`] = `
Object {
  "asFragment": [Function],
  "baseElement": <body>
    <div>
      <div
        class="MuiTableContainer-root css-rorn0c-MuiTableContainer-root"
      >
        <table
          class="MuiTable-root css-rqglhn-MuiTable-root"
        >
          <thead
            class="MuiTableHead-root css-15wwp11-MuiTableHead-root"
          >
            <tr
              class="MuiTableRow-root MuiTableRow-head css-1q1u3t4-MuiTableRow-root"
            >
              <th
                class="MuiTableCell-root MuiTableCell-head MuiTableCell-sizeMedium css-1ygcj2i-MuiTableCell-root"
                scope="col"
              >
                Title
              </th>
              <th
                class="MuiTableCell-root MuiTableCell-head MuiTableCell-sizeMedium css-1ygcj2i-MuiTableCell-root"
                scope="col"
              >
                Description
              </th>
              <th
                class="MuiTableCell-root MuiTableCell-head MuiTableCell-sizeMedium css-1ygcj2i-MuiTableCell-root"
                scope="col"
              >
                Tags
              </th>
              <th
                class="MuiTableCell-root MuiTableCell-head MuiTableCell-alignRight MuiTableCell-sizeMedium css-1azl6jz-MuiTableCell-root"
                scope="col"
              >
                NPM link
              </th>
            </tr>
          </thead>
          <tbody
            class="MuiTableBody-root css-apqrd9-MuiTableBody-root"
          >
            <tr
              class="MuiTableRow-root css-1q1u3t4-MuiTableRow-root"
            >
              <td
                class="MuiTableCell-root MuiTableCell-body MuiTableCell-sizeMedium css-1ex1afd-MuiTableCell-root"
                scope="row"
              >
                react
              </td>
              <td
                class="MuiTableCell-root MuiTableCell-body MuiTableCell-sizeMedium css-1ex1afd-MuiTableCell-root"
              >
                React is a JavaScript library for building user interfaces.
              </td>
              <td
                class="MuiTableCell-root MuiTableCell-body MuiTableCell-sizeMedium css-1ex1afd-MuiTableCell-root"
              >
                <div
                  class="MuiGrid-root MuiGrid-container MuiGrid-spacing-xs-1 css-a5rdam-MuiGrid-root"
                >
                  <div
                    class="MuiGrid-root MuiGrid-item css-13i4rnv-MuiGrid-root"
                  >
                    <div
                      class="MuiChip-root MuiChip-filled MuiChip-sizeMedium MuiChip-colorDefault MuiChip-filledDefault css-gac2fo-MuiChip-root"
                    >
                      <span
                        class="MuiChip-label MuiChip-labelMedium css-6od3lo-MuiChip-label"
                      >
                        react
                      </span>
                    </div>
                  </div>
                  <div
                    class="MuiGrid-root MuiGrid-item css-13i4rnv-MuiGrid-root"
                  >
                    <div
                      class="MuiChip-root MuiChip-filled MuiChip-sizeMedium MuiChip-colorDefault MuiChip-filledDefault css-gac2fo-MuiChip-root"
                    >
                      <span
                        class="MuiChip-label MuiChip-labelMedium css-6od3lo-MuiChip-label"
                      >
                        react
                      </span>
                    </div>
                  </div>
                  <div
                    class="MuiGrid-root MuiGrid-item css-13i4rnv-MuiGrid-root"
                  >
                    <div
                      class="MuiChip-root MuiChip-filled MuiChip-sizeMedium MuiChip-colorDefault MuiChip-filledDefault css-gac2fo-MuiChip-root"
                    >
                      <span
                        class="MuiChip-label MuiChip-labelMedium css-6od3lo-MuiChip-label"
                      >
                        react
                      </span>
                    </div>
                  </div>
                  <div
                    class="MuiGrid-root MuiGrid-item css-13i4rnv-MuiGrid-root"
                  >
                    <div
                      class="MuiChip-root MuiChip-filled MuiChip-sizeMedium MuiChip-colorDefault MuiChip-filledDefault css-gac2fo-MuiChip-root"
                    >
                      <span
                        class="MuiChip-label MuiChip-labelMedium css-6od3lo-MuiChip-label"
                      >
                        react
                      </span>
                    </div>
                  </div>
                  <div
                    class="MuiGrid-root MuiGrid-item css-13i4rnv-MuiGrid-root"
                  >
                    <div
                      class="MuiChip-root MuiChip-filled MuiChip-sizeMedium MuiChip-colorDefault MuiChip-filledDefault css-gac2fo-MuiChip-root"
                    >
                      <span
                        class="MuiChip-label MuiChip-labelMedium css-6od3lo-MuiChip-label"
                      >
                        react
                      </span>
                    </div>
                  </div>
                  <div
                    class="MuiGrid-root MuiGrid-item css-13i4rnv-MuiGrid-root"
                  >
                    <div
                      class="MuiChip-root MuiChip-filled MuiChip-sizeMedium MuiChip-colorDefault MuiChip-filledDefault css-gac2fo-MuiChip-root"
                    >
                      <span
                        class="MuiChip-label MuiChip-labelMedium css-6od3lo-MuiChip-label"
                      >
                        react
                      </span>
                    </div>
                  </div>
                  <div
                    class="MuiGrid-root MuiGrid-item css-13i4rnv-MuiGrid-root"
                  >
                    <div
                      class="MuiChip-root MuiChip-filled MuiChip-sizeMedium MuiChip-colorDefault MuiChip-filledDefault css-gac2fo-MuiChip-root"
                    >
                      <span
                        class="MuiChip-label MuiChip-labelMedium css-6od3lo-MuiChip-label"
                      >
                        react
                      </span>
                    </div>
                  </div>
                  <div
                    class="MuiGrid-root MuiGrid-item css-13i4rnv-MuiGrid-root"
                  >
                    <div
                      class="MuiChip-root MuiChip-filled MuiChip-sizeMedium MuiChip-colorDefault MuiChip-filledDefault css-gac2fo-MuiChip-root"
                    >
                      <span
                        class="MuiChip-label MuiChip-labelMedium css-6od3lo-MuiChip-label"
                      >
                        react
                      </span>
                    </div>
                  </div>
                  <div
                    class="MuiGrid-root MuiGrid-item css-13i4rnv-MuiGrid-root"
                  >
                    <div
                      class="MuiChip-root MuiChip-filled MuiChip-sizeMedium MuiChip-colorDefault MuiChip-filledDefault css-gac2fo-MuiChip-root"
                    >
                      <span
                        class="MuiChip-label MuiChip-labelMedium css-6od3lo-MuiChip-label"
                      >
                        react
                      </span>
                    </div>
                  </div>
                  <div
                    class="MuiGrid-root MuiGrid-item css-13i4rnv-MuiGrid-root"
                  >
                    <div
                      class="MuiChip-root MuiChip-filled MuiChip-sizeMedium MuiChip-colorDefault MuiChip-filledDefault css-gac2fo-MuiChip-root"
                    >
                      <span
                        class="MuiChip-label MuiChip-labelMedium css-6od3lo-MuiChip-label"
                      >
                        react
                      </span>
                    </div>
                  </div>
                  <div
                    class="MuiGrid-root MuiGrid-item css-13i4rnv-MuiGrid-root"
                  >
                    <div
                      class="MuiChip-root MuiChip-filled MuiChip-sizeMedium MuiChip-colorDefault MuiChip-filledDefault css-gac2fo-MuiChip-root"
                    >
                      <span
                        class="MuiChip-label MuiChip-labelMedium css-6od3lo-MuiChip-label"
                      >
                        react
                      </span>
                    </div>
                  </div>
                  <div
                    class="MuiGrid-root MuiGrid-item css-13i4rnv-MuiGrid-root"
                  >
                    <div
                      class="MuiChip-root MuiChip-filled MuiChip-sizeMedium MuiChip-colorDefault MuiChip-filledDefault css-gac2fo-MuiChip-root"
                    >
                      <span
                        class="MuiChip-label MuiChip-labelMedium css-6od3lo-MuiChip-label"
                      >
                        react
                      </span>
                    </div>
                  </div>
                  <div
                    class="MuiGrid-root MuiGrid-item css-13i4rnv-MuiGrid-root"
                  >
                    <div
                      class="MuiChip-root MuiChip-filled MuiChip-sizeMedium MuiChip-colorDefault MuiChip-filledDefault css-gac2fo-MuiChip-root"
                    >
                      <span
                        class="MuiChip-label MuiChip-labelMedium css-6od3lo-MuiChip-label"
                      >
                        react
                      </span>
                    </div>
                  </div>
                </div>
              </td>
              <td
                class="MuiTableCell-root MuiTableCell-body MuiTableCell-alignRight MuiTableCell-sizeMedium css-177gid-MuiTableCell-root"
              >
                <a
                  href="https://www.npmjs.com/package/react"
                  target="_blank"
                >
                  https://www.npmjs.com/package/react
                </a>
              </td>
            </tr>
            <tr
              class="MuiTableRow-root css-1q1u3t4-MuiTableRow-root"
            >
              <td
                class="MuiTableCell-root MuiTableCell-body MuiTableCell-sizeMedium css-1ex1afd-MuiTableCell-root"
                scope="row"
              >
                react
              </td>
              <td
                class="MuiTableCell-root MuiTableCell-body MuiTableCell-sizeMedium css-1ex1afd-MuiTableCell-root"
              >
                React is a JavaScript library for building user interfaces.React is a JavaScript library for building user interfaces.React is a JavaScript library for building user interfaces.React is a JavaScript library for building user interfaces.React is a JavaScript library for building user interfaces.
              </td>
              <td
                class="MuiTableCell-root MuiTableCell-body MuiTableCell-sizeMedium css-1ex1afd-MuiTableCell-root"
              >
                <div
                  class="MuiGrid-root MuiGrid-container MuiGrid-spacing-xs-1 css-a5rdam-MuiGrid-root"
                >
                  <div
                    class="MuiGrid-root MuiGrid-item css-13i4rnv-MuiGrid-root"
                  >
                    <div
                      class="MuiChip-root MuiChip-filled MuiChip-sizeMedium MuiChip-colorDefault MuiChip-filledDefault css-gac2fo-MuiChip-root"
                    >
                      <span
                        class="MuiChip-label MuiChip-labelMedium css-6od3lo-MuiChip-label"
                      >
                        react
                      </span>
                    </div>
                  </div>
                  <div
                    class="MuiGrid-root MuiGrid-item css-13i4rnv-MuiGrid-root"
                  >
                    <div
                      class="MuiChip-root MuiChip-filled MuiChip-sizeMedium MuiChip-colorDefault MuiChip-filledDefault css-gac2fo-MuiChip-root"
                    >
                      <span
                        class="MuiChip-label MuiChip-labelMedium css-6od3lo-MuiChip-label"
                      >
                        react
                      </span>
                    </div>
                  </div>
                  <div
                    class="MuiGrid-root MuiGrid-item css-13i4rnv-MuiGrid-root"
                  >
                    <div
                      class="MuiChip-root MuiChip-filled MuiChip-sizeMedium MuiChip-colorDefault MuiChip-filledDefault css-gac2fo-MuiChip-root"
                    >
                      <span
                        class="MuiChip-label MuiChip-labelMedium css-6od3lo-MuiChip-label"
                      >
                        react
                      </span>
                    </div>
                  </div>
                  <div
                    class="MuiGrid-root MuiGrid-item css-13i4rnv-MuiGrid-root"
                  >
                    <div
                      class="MuiChip-root MuiChip-filled MuiChip-sizeMedium MuiChip-colorDefault MuiChip-filledDefault css-gac2fo-MuiChip-root"
                    >
                      <span
                        class="MuiChip-label MuiChip-labelMedium css-6od3lo-MuiChip-label"
                      >
                        react
                      </span>
                    </div>
                  </div>
                </div>
              </td>
              <td
                class="MuiTableCell-root MuiTableCell-body MuiTableCell-alignRight MuiTableCell-sizeMedium css-177gid-MuiTableCell-root"
              >
                <a
                  href="https://www.npmjs.com/package/react"
                  target="_blank"
                >
                  https://www.npmjs.com/package/react
                </a>
              </td>
            </tr>
            <tr
              class="MuiTableRow-root css-1q1u3t4-MuiTableRow-root"
            >
              <td
                class="MuiTableCell-root MuiTableCell-body MuiTableCell-sizeMedium css-1ex1afd-MuiTableCell-root"
                scope="row"
              >
                react_react_react_react_react_react
              </td>
              <td
                class="MuiTableCell-root MuiTableCell-body MuiTableCell-sizeMedium css-1ex1afd-MuiTableCell-root"
              >
                React is a JavaScript library for building user interfaces.
              </td>
              <td
                class="MuiTableCell-root MuiTableCell-body MuiTableCell-sizeMedium css-1ex1afd-MuiTableCell-root"
              >
                <div
                  class="MuiGrid-root MuiGrid-container MuiGrid-spacing-xs-1 css-a5rdam-MuiGrid-root"
                >
                  <div
                    class="MuiGrid-root MuiGrid-item css-13i4rnv-MuiGrid-root"
                  >
                    <div
                      class="MuiChip-root MuiChip-filled MuiChip-sizeMedium MuiChip-colorDefault MuiChip-filledDefault css-gac2fo-MuiChip-root"
                    >
                      <span
                        class="MuiChip-label MuiChip-labelMedium css-6od3lo-MuiChip-label"
                      >
                        react
                      </span>
                    </div>
                  </div>
                  <div
                    class="MuiGrid-root MuiGrid-item css-13i4rnv-MuiGrid-root"
                  >
                    <div
                      class="MuiChip-root MuiChip-filled MuiChip-sizeMedium MuiChip-colorDefault MuiChip-filledDefault css-gac2fo-MuiChip-root"
                    >
                      <span
                        class="MuiChip-label MuiChip-labelMedium css-6od3lo-MuiChip-label"
                      >
                        react
                      </span>
                    </div>
                  </div>
                  <div
                    class="MuiGrid-root MuiGrid-item css-13i4rnv-MuiGrid-root"
                  >
                    <div
                      class="MuiChip-root MuiChip-filled MuiChip-sizeMedium MuiChip-colorDefault MuiChip-filledDefault css-gac2fo-MuiChip-root"
                    >
                      <span
                        class="MuiChip-label MuiChip-labelMedium css-6od3lo-MuiChip-label"
                      >
                        react
                      </span>
                    </div>
                  </div>
                  <div
                    class="MuiGrid-root MuiGrid-item css-13i4rnv-MuiGrid-root"
                  >
                    <div
                      class="MuiChip-root MuiChip-filled MuiChip-sizeMedium MuiChip-colorDefault MuiChip-filledDefault css-gac2fo-MuiChip-root"
                    >
                      <span
                        class="MuiChip-label MuiChip-labelMedium css-6od3lo-MuiChip-label"
                      >
                        react
                      </span>
                    </div>
                  </div>
                </div>
              </td>
              <td
                class="MuiTableCell-root MuiTableCell-body MuiTableCell-alignRight MuiTableCell-sizeMedium css-177gid-MuiTableCell-root"
              >
                <a
                  href="https://www.npmjs.com/package/react"
                  target="_blank"
                >
                  https://www.npmjs.com/package/react
                </a>
              </td>
            </tr>
          </tbody>
        </table>
      </div>
    </div>
  </body>,
  "container": <div>
    <div
      class="MuiTableContainer-root css-rorn0c-MuiTableContainer-root"
    >
      <table
        class="MuiTable-root css-rqglhn-MuiTable-root"
      >
        <thead
          class="MuiTableHead-root css-15wwp11-MuiTableHead-root"
        >
          <tr
            class="MuiTableRow-root MuiTableRow-head css-1q1u3t4-MuiTableRow-root"
          >
            <th
              class="MuiTableCell-root MuiTableCell-head MuiTableCell-sizeMedium css-1ygcj2i-MuiTableCell-root"
              scope="col"
            >
              Title
            </th>
            <th
              class="MuiTableCell-root MuiTableCell-head MuiTableCell-sizeMedium css-1ygcj2i-MuiTableCell-root"
              scope="col"
            >
              Description
            </th>
            <th
              class="MuiTableCell-root MuiTableCell-head MuiTableCell-sizeMedium css-1ygcj2i-MuiTableCell-root"
              scope="col"
            >
              Tags
            </th>
            <th
              class="MuiTableCell-root MuiTableCell-head MuiTableCell-alignRight MuiTableCell-sizeMedium css-1azl6jz-MuiTableCell-root"
              scope="col"
            >
              NPM link
            </th>
          </tr>
        </thead>
        <tbody
          class="MuiTableBody-root css-apqrd9-MuiTableBody-root"
        >
          <tr
            class="MuiTableRow-root css-1q1u3t4-MuiTableRow-root"
          >
            <td
              class="MuiTableCell-root MuiTableCell-body MuiTableCell-sizeMedium css-1ex1afd-MuiTableCell-root"
              scope="row"
            >
              react
            </td>
            <td
              class="MuiTableCell-root MuiTableCell-body MuiTableCell-sizeMedium css-1ex1afd-MuiTableCell-root"
            >
              React is a JavaScript library for building user interfaces.
            </td>
            <td
              class="MuiTableCell-root MuiTableCell-body MuiTableCell-sizeMedium css-1ex1afd-MuiTableCell-root"
            >
              <div
                class="MuiGrid-root MuiGrid-container MuiGrid-spacing-xs-1 css-a5rdam-MuiGrid-root"
              >
                <div
                  class="MuiGrid-root MuiGrid-item css-13i4rnv-MuiGrid-root"
                >
                  <div
                    class="MuiChip-root MuiChip-filled MuiChip-sizeMedium MuiChip-colorDefault MuiChip-filledDefault css-gac2fo-MuiChip-root"
                  >
                    <span
                      class="MuiChip-label MuiChip-labelMedium css-6od3lo-MuiChip-label"
                    >
                      react
                    </span>
                  </div>
                </div>
                <div
                  class="MuiGrid-root MuiGrid-item css-13i4rnv-MuiGrid-root"
                >
                  <div
                    class="MuiChip-root MuiChip-filled MuiChip-sizeMedium MuiChip-colorDefault MuiChip-filledDefault css-gac2fo-MuiChip-root"
                  >
                    <span
                      class="MuiChip-label MuiChip-labelMedium css-6od3lo-MuiChip-label"
                    >
                      react
                    </span>
                  </div>
                </div>
                <div
                  class="MuiGrid-root MuiGrid-item css-13i4rnv-MuiGrid-root"
                >
                  <div
                    class="MuiChip-root MuiChip-filled MuiChip-sizeMedium MuiChip-colorDefault MuiChip-filledDefault css-gac2fo-MuiChip-root"
                  >
                    <span
                      class="MuiChip-label MuiChip-labelMedium css-6od3lo-MuiChip-label"
                    >
                      react
                    </span>
                  </div>
                </div>
                <div
                  class="MuiGrid-root MuiGrid-item css-13i4rnv-MuiGrid-root"
                >
                  <div
                    class="MuiChip-root MuiChip-filled MuiChip-sizeMedium MuiChip-colorDefault MuiChip-filledDefault css-gac2fo-MuiChip-root"
                  >
                    <span
                      class="MuiChip-label MuiChip-labelMedium css-6od3lo-MuiChip-label"
                    >
                      react
                    </span>
                  </div>
                </div>
                <div
                  class="MuiGrid-root MuiGrid-item css-13i4rnv-MuiGrid-root"
                >
                  <div
                    class="MuiChip-root MuiChip-filled MuiChip-sizeMedium MuiChip-colorDefault MuiChip-filledDefault css-gac2fo-MuiChip-root"
                  >
                    <span
                      class="MuiChip-label MuiChip-labelMedium css-6od3lo-MuiChip-label"
                    >
                      react
                    </span>
                  </div>
                </div>
                <div
                  class="MuiGrid-root MuiGrid-item css-13i4rnv-MuiGrid-root"
                >
                  <div
                    class="MuiChip-root MuiChip-filled MuiChip-sizeMedium MuiChip-colorDefault MuiChip-filledDefault css-gac2fo-MuiChip-root"
                  >
                    <span
                      class="MuiChip-label MuiChip-labelMedium css-6od3lo-MuiChip-label"
                    >
                      react
                    </span>
                  </div>
                </div>
                <div
                  class="MuiGrid-root MuiGrid-item css-13i4rnv-MuiGrid-root"
                >
                  <div
                    class="MuiChip-root MuiChip-filled MuiChip-sizeMedium MuiChip-colorDefault MuiChip-filledDefault css-gac2fo-MuiChip-root"
                  >
                    <span
                      class="MuiChip-label MuiChip-labelMedium css-6od3lo-MuiChip-label"
                    >
                      react
                    </span>
                  </div>
                </div>
                <div
                  class="MuiGrid-root MuiGrid-item css-13i4rnv-MuiGrid-root"
                >
                  <div
                    class="MuiChip-root MuiChip-filled MuiChip-sizeMedium MuiChip-colorDefault MuiChip-filledDefault css-gac2fo-MuiChip-root"
                  >
                    <span
                      class="MuiChip-label MuiChip-labelMedium css-6od3lo-MuiChip-label"
                    >
                      react
                    </span>
                  </div>
                </div>
                <div
                  class="MuiGrid-root MuiGrid-item css-13i4rnv-MuiGrid-root"
                >
                  <div
                    class="MuiChip-root MuiChip-filled MuiChip-sizeMedium MuiChip-colorDefault MuiChip-filledDefault css-gac2fo-MuiChip-root"
                  >
                    <span
                      class="MuiChip-label MuiChip-labelMedium css-6od3lo-MuiChip-label"
                    >
                      react
                    </span>
                  </div>
                </div>
                <div
                  class="MuiGrid-root MuiGrid-item css-13i4rnv-MuiGrid-root"
                >
                  <div
                    class="MuiChip-root MuiChip-filled MuiChip-sizeMedium MuiChip-colorDefault MuiChip-filledDefault css-gac2fo-MuiChip-root"
                  >
                    <span
                      class="MuiChip-label MuiChip-labelMedium css-6od3lo-MuiChip-label"
                    >
                      react
                    </span>
                  </div>
                </div>
                <div
                  class="MuiGrid-root MuiGrid-item css-13i4rnv-MuiGrid-root"
                >
                  <div
                    class="MuiChip-root MuiChip-filled MuiChip-sizeMedium MuiChip-colorDefault MuiChip-filledDefault css-gac2fo-MuiChip-root"
                  >
                    <span
                      class="MuiChip-label MuiChip-labelMedium css-6od3lo-MuiChip-label"
                    >
                      react
                    </span>
                  </div>
                </div>
                <div
                  class="MuiGrid-root MuiGrid-item css-13i4rnv-MuiGrid-root"
                >
                  <div
                    class="MuiChip-root MuiChip-filled MuiChip-sizeMedium MuiChip-colorDefault MuiChip-filledDefault css-gac2fo-MuiChip-root"
                  >
                    <span
                      class="MuiChip-label MuiChip-labelMedium css-6od3lo-MuiChip-label"
                    >
                      react
                    </span>
                  </div>
                </div>
                <div
                  class="MuiGrid-root MuiGrid-item css-13i4rnv-MuiGrid-root"
                >
                  <div
                    class="MuiChip-root MuiChip-filled MuiChip-sizeMedium MuiChip-colorDefault MuiChip-filledDefault css-gac2fo-MuiChip-root"
                  >
                    <span
                      class="MuiChip-label MuiChip-labelMedium css-6od3lo-MuiChip-label"
                    >
                      react
                    </span>
                  </div>
                </div>
              </div>
            </td>
            <td
              class="MuiTableCell-root MuiTableCell-body MuiTableCell-alignRight MuiTableCell-sizeMedium css-177gid-MuiTableCell-root"
            >
              <a
                href="https://www.npmjs.com/package/react"
                target="_blank"
              >
                https://www.npmjs.com/package/react
              </a>
            </td>
          </tr>
          <tr
            class="MuiTableRow-root css-1q1u3t4-MuiTableRow-root"
          >
            <td
              class="MuiTableCell-root MuiTableCell-body MuiTableCell-sizeMedium css-1ex1afd-MuiTableCell-root"
              scope="row"
            >
              react
            </td>
            <td
              class="MuiTableCell-root MuiTableCell-body MuiTableCell-sizeMedium css-1ex1afd-MuiTableCell-root"
            >
              React is a JavaScript library for building user interfaces.React is a JavaScript library for building user interfaces.React is a JavaScript library for building user interfaces.React is a JavaScript library for building user interfaces.React is a JavaScript library for building user interfaces.
            </td>
            <td
              class="MuiTableCell-root MuiTableCell-body MuiTableCell-sizeMedium css-1ex1afd-MuiTableCell-root"
            >
              <div
                class="MuiGrid-root MuiGrid-container MuiGrid-spacing-xs-1 css-a5rdam-MuiGrid-root"
              >
                <div
                  class="MuiGrid-root MuiGrid-item css-13i4rnv-MuiGrid-root"
                >
                  <div
                    class="MuiChip-root MuiChip-filled MuiChip-sizeMedium MuiChip-colorDefault MuiChip-filledDefault css-gac2fo-MuiChip-root"
                  >
                    <span
                      class="MuiChip-label MuiChip-labelMedium css-6od3lo-MuiChip-label"
                    >
                      react
                    </span>
                  </div>
                </div>
                <div
                  class="MuiGrid-root MuiGrid-item css-13i4rnv-MuiGrid-root"
                >
                  <div
                    class="MuiChip-root MuiChip-filled MuiChip-sizeMedium MuiChip-colorDefault MuiChip-filledDefault css-gac2fo-MuiChip-root"
                  >
                    <span
                      class="MuiChip-label MuiChip-labelMedium css-6od3lo-MuiChip-label"
                    >
                      react
                    </span>
                  </div>
                </div>
                <div
                  class="MuiGrid-root MuiGrid-item css-13i4rnv-MuiGrid-root"
                >
                  <div
                    class="MuiChip-root MuiChip-filled MuiChip-sizeMedium MuiChip-colorDefault MuiChip-filledDefault css-gac2fo-MuiChip-root"
                  >
                    <span
                      class="MuiChip-label MuiChip-labelMedium css-6od3lo-MuiChip-label"
                    >
                      react
                    </span>
                  </div>
                </div>
                <div
                  class="MuiGrid-root MuiGrid-item css-13i4rnv-MuiGrid-root"
                >
                  <div
                    class="MuiChip-root MuiChip-filled MuiChip-sizeMedium MuiChip-colorDefault MuiChip-filledDefault css-gac2fo-MuiChip-root"
                  >
                    <span
                      class="MuiChip-label MuiChip-labelMedium css-6od3lo-MuiChip-label"
                    >
                      react
                    </span>
                  </div>
                </div>
              </div>
            </td>
            <td
              class="MuiTableCell-root MuiTableCell-body MuiTableCell-alignRight MuiTableCell-sizeMedium css-177gid-MuiTableCell-root"
            >
              <a
                href="https://www.npmjs.com/package/react"
                target="_blank"
              >
                https://www.npmjs.com/package/react
              </a>
            </td>
          </tr>
          <tr
            class="MuiTableRow-root css-1q1u3t4-MuiTableRow-root"
          >
            <td
              class="MuiTableCell-root MuiTableCell-body MuiTableCell-sizeMedium css-1ex1afd-MuiTableCell-root"
              scope="row"
            >
              react_react_react_react_react_react
            </td>
            <td
              class="MuiTableCell-root MuiTableCell-body MuiTableCell-sizeMedium css-1ex1afd-MuiTableCell-root"
            >
              React is a JavaScript library for building user interfaces.
            </td>
            <td
              class="MuiTableCell-root MuiTableCell-body MuiTableCell-sizeMedium css-1ex1afd-MuiTableCell-root"
            >
              <div
                class="MuiGrid-root MuiGrid-container MuiGrid-spacing-xs-1 css-a5rdam-MuiGrid-root"
              >
                <div
                  class="MuiGrid-root MuiGrid-item css-13i4rnv-MuiGrid-root"
                >
                  <div
                    class="MuiChip-root MuiChip-filled MuiChip-sizeMedium MuiChip-colorDefault MuiChip-filledDefault css-gac2fo-MuiChip-root"
                  >
                    <span
                      class="MuiChip-label MuiChip-labelMedium css-6od3lo-MuiChip-label"
                    >
                      react
                    </span>
                  </div>
                </div>
                <div
                  class="MuiGrid-root MuiGrid-item css-13i4rnv-MuiGrid-root"
                >
                  <div
                    class="MuiChip-root MuiChip-filled MuiChip-sizeMedium MuiChip-colorDefault MuiChip-filledDefault css-gac2fo-MuiChip-root"
                  >
                    <span
                      class="MuiChip-label MuiChip-labelMedium css-6od3lo-MuiChip-label"
                    >
                      react
                    </span>
                  </div>
                </div>
                <div
                  class="MuiGrid-root MuiGrid-item css-13i4rnv-MuiGrid-root"
                >
                  <div
                    class="MuiChip-root MuiChip-filled MuiChip-sizeMedium MuiChip-colorDefault MuiChip-filledDefault css-gac2fo-MuiChip-root"
                  >
                    <span
                      class="MuiChip-label MuiChip-labelMedium css-6od3lo-MuiChip-label"
                    >
                      react
                    </span>
                  </div>
                </div>
                <div
                  class="MuiGrid-root MuiGrid-item css-13i4rnv-MuiGrid-root"
                >
                  <div
                    class="MuiChip-root MuiChip-filled MuiChip-sizeMedium MuiChip-colorDefault MuiChip-filledDefault css-gac2fo-MuiChip-root"
                  >
                    <span
                      class="MuiChip-label MuiChip-labelMedium css-6od3lo-MuiChip-label"
                    >
                      react
                    </span>
                  </div>
                </div>
              </div>
            </td>
            <td
              class="MuiTableCell-root MuiTableCell-body MuiTableCell-alignRight MuiTableCell-sizeMedium css-177gid-MuiTableCell-root"
            >
              <a
                href="https://www.npmjs.com/package/react"
                target="_blank"
              >
                https://www.npmjs.com/package/react
              </a>
            </td>
          </tr>
        </tbody>
      </table>
    </div>
  </div>,
  "debug": [Function],
  "findAllByAltText": [Function],
  "findAllByDisplayValue": [Function],
  "findAllByLabelText": [Function],
  "findAllByPlaceholderText": [Function],
  "findAllByRole": [Function],
  "findAllByTestId": [Function],
  "findAllByText": [Function],
  "findAllByTitle": [Function],
  "findByAltText": [Function],
  "findByDisplayValue": [Function],
  "findByLabelText": [Function],
  "findByPlaceholderText": [Function],
  "findByRole": [Function],
  "findByTestId": [Function],
  "findByText": [Function],
  "findByTitle": [Function],
  "getAllByAltText": [Function],
  "getAllByDisplayValue": [Function],
  "getAllByLabelText": [Function],
  "getAllByPlaceholderText": [Function],
  "getAllByRole": [Function],
  "getAllByTestId": [Function],
  "getAllByText": [Function],
  "getAllByTitle": [Function],
  "getByAltText": [Function],
  "getByDisplayValue": [Function],
  "getByLabelText": [Function],
  "getByPlaceholderText": [Function],
  "getByRole": [Function],
  "getByTestId": [Function],
  "getByText": [Function],
  "getByTitle": [Function],
  "queryAllByAltText": [Function],
  "queryAllByDisplayValue": [Function],
  "queryAllByLabelText": [Function],
  "queryAllByPlaceholderText": [Function],
  "queryAllByRole": [Function],
  "queryAllByTestId": [Function],
  "queryAllByText": [Function],
  "queryAllByTitle": [Function],
  "queryByAltText": [Function],
  "queryByDisplayValue": [Function],
  "queryByLabelText": [Function],
  "queryByPlaceholderText": [Function],
  "queryByRole": [Function],
  "queryByTestId": [Function],
  "queryByText": [Function],
  "queryByTitle": [Function],
  "rerender": [Function],
  "unmount": [Function],
}
`;
